Create: <nil> target CreateURL: Not found
Get: <nil> target List: Not found
Get ServiceWorker: <nil> target Get: could not find target of type: service_worker
Close: <nil> target Close: Could not close target id: ddd908ca-4d8c-4783-a089-c9456c463eef
Activate: <nil> target Activate: Could not close target id: ddd908ca-4d8c-4783-a089-c9456c463eef
Version: <nil> target Version: Not found
